C:\Users\CS152B\Documents\fall2017-group1\tutorials\VmodCam\proj\implementation\system.ngc 1512952980
C:/Users/CS152B/Documents/fall2017-group1/tutorials/VmodCam/proj/implementation/system_microblaze_0_wrapper.ngc 1512952764
C:/Users/CS152B/Documents/fall2017-group1/tutorials/VmodCam/proj/implementation/system_mb_plb_wrapper.ngc 1512952764
C:/Users/CS152B/Documents/fall2017-group1/tutorials/VmodCam/proj/implementation/system_ilmb_wrapper.ngc 1512952764
C:/Users/CS152B/Documents/fall2017-group1/tutorials/VmodCam/proj/implementation/system_dlmb_wrapper.ngc 1512952764
C:/Users/CS152B/Documents/fall2017-group1/tutorials/VmodCam/proj/implementation/system_dlmb_cntlr_wrapper.ngc 1512952764
C:/Users/CS152B/Documents/fall2017-group1/tutorials/VmodCam/proj/implementation/system_ilmb_cntlr_wrapper.ngc 1512952764
C:/Users/CS152B/Documents/fall2017-group1/tutorials/VmodCam/proj/implementation/system_lmb_bram_wrapper.ngc 1512952764
C:/Users/CS152B/Documents/fall2017-group1/tutorials/VmodCam/proj/implementation/system_rs232_uart_0_wrapper.ngc 1512952764
C:/Users/CS152B/Documents/fall2017-group1/tutorials/VmodCam/proj/implementation/system_ddr2_sdram_wrapper.ngc 1512952764
C:/Users/CS152B/Documents/fall2017-group1/tutorials/VmodCam/proj/implementation/system_clock_generator_0_wrapper.ngc 1512952779
C:/Users/CS152B/Documents/fall2017-group1/tutorials/VmodCam/proj/implementation/system_mdm_0_wrapper.ngc 1512952764
C:/Users/CS152B/Documents/fall2017-group1/tutorials/VmodCam/proj/implementation/system_proc_sys_reset_0_wrapper.ngc 1512952764
C:/Users/CS152B/Documents/fall2017-group1/tutorials/VmodCam/proj/implementation/system_dvma_0_wrapper.ngc 1512952764
C:/Users/CS152B/Documents/fall2017-group1/tutorials/VmodCam/proj/implementation/system_hdmi_0_wrapper.ngc 1512952764
C:/Users/CS152B/Documents/fall2017-group1/tutorials/VmodCam/proj/implementation/system_cam_ctrl_0_wrapper.ngc 1512952764
C:/Users/CS152B/Documents/fall2017-group1/tutorials/VmodCam/proj/implementation/system_cam_ctrl_1_wrapper.ngc 1512952764
C:/Users/CS152B/Documents/fall2017-group1/tutorials/VmodCam/proj/implementation/system_cam_iic_0_wrapper.ngc 1512952764
C:/Users/CS152B/Documents/fall2017-group1/tutorials/VmodCam/proj/implementation/system_cam_iic_1_wrapper.ngc 1512952764
C:/Users/CS152B/Documents/fall2017-group1/tutorials/VmodCam/proj/implementation/system_push_button_1_wrapper.ngc 1512952764
OK
